
> ozonbox@0.1.0 build
> next build

   тЦ▓ Next.js 15.3.2

   Linting and checking validity of types ...
   Creating an optimized production build ...
 тЬУ Compiled successfully in 3.0s
   Collecting page data ...
   Generating static pages (0/382) ...
node.exe : TypeError: Cannot read properties of undefined (reading 'map')
At C:\nvm4w\nodejs\npm.ps1:29 char:3
+   & $NODE_EXE $NPM_CLI_JS $args
+   ~~~~~~~~~~~~~~~~~~~~~~~~~~~~~
    + CategoryInfo          : NotSpecified: (TypeError: Cann...(reading 'map'):String) [], RemoteException
    + FullyQualifiedErrorId : NativeCommandError
 
    at l (D:\Projects\ozonbox\.next\server\chunks\9916.js:1:13499)
TypeError: Cannot read properties of undefined (reading 'map')
    at l (D:\Projects\ozonbox\.next\server\chunks\9916.js:1:13499)
TypeError: Cannot read properties of undefined (reading 'map')
    at l (D:\Projects\ozonbox\.next\server\chunks\9916.js:1:13499)
TypeError: Cannot read properties of undefined (reading 'map')
    at l (D:\Projects\ozonbox\.next\server\chunks\9916.js:1:13499)
Error occurred prerendering page "/uz/applications/transport/auto-transport". Read more: 
https://nextjs.org/docs/messages/prerender-error
TypeError: Cannot read properties of undefined (reading 'map')
    at l (D:\Projects\ozonbox\.next\server\chunks\9916.js:1:13499)
    at renderWithHooks (D:\Projects\ozonbox\node_modules\.pnpm\react-dom@19.2.4_react@19.2.4\node_modules\react-dom\cjs
\react-dom-server.edge.production.js:4747:18)
    at renderElement (D:\Projects\ozonbox\node_modules\.pnpm\react-dom@19.2.4_react@19.2.4\node_modules\react-dom\cjs\r
eact-dom-server.edge.production.js:4885:14)
    at retryNode (D:\Projects\ozonbox\node_modules\.pnpm\react-dom@19.2.4_react@19.2.4\node_modules\react-dom\cjs\react
-dom-server.edge.production.js:5603:16)
    at renderNodeDestructive (D:\Projects\ozonbox\node_modules\.pnpm\react-dom@19.2.4_react@19.2.4\node_modules\react-d
om\cjs\react-dom-server.edge.production.js:5397:7)
    at renderNode (D:\Projects\ozonbox\node_modules\.pnpm\react-dom@19.2.4_react@19.2.4\node_modules\react-dom\cjs\reac
t-dom-server.edge.production.js:5964:14)
    at renderChildrenArray (D:\Projects\ozonbox\node_modules\.pnpm\react-dom@19.2.4_react@19.2.4\node_modules\react-dom
\cjs\react-dom-server.edge.production.js:5746:7)
    at retryNode (D:\Projects\ozonbox\node_modules\.pnpm\react-dom@19.2.4_react@19.2.4\node_modules\react-dom\cjs\react
-dom-server.edge.production.js:5617:9)
    at renderNodeDestructive (D:\Projects\ozonbox\node_modules\.pnpm\react-dom@19.2.4_react@19.2.4\node_modules\react-d
om\cjs\react-dom-server.edge.production.js:5397:7)
    at renderNode (D:\Projects\ozonbox\node_modules\.pnpm\react-dom@19.2.4_react@19.2.4\node_modules\react-dom\cjs\reac
t-dom-server.edge.production.js:5964:14)
Error occurred prerendering page "/uz-cyr/applications/transport/auto-transport". Read more: 
https://nextjs.org/docs/messages/prerender-error
TypeError: Cannot read properties of undefined (reading 'map')
    at l (D:\Projects\ozonbox\.next\server\chunks\9916.js:1:13499)
    at renderWithHooks (D:\Projects\ozonbox\node_modules\.pnpm\react-dom@19.2.4_react@19.2.4\node_modules\react-dom\cjs
\react-dom-server.edge.production.js:4747:18)
    at renderElement (D:\Projects\ozonbox\node_modules\.pnpm\react-dom@19.2.4_react@19.2.4\node_modules\react-dom\cjs\r
eact-dom-server.edge.production.js:4885:14)
    at retryNode (D:\Projects\ozonbox\node_modules\.pnpm\react-dom@19.2.4_react@19.2.4\node_modules\react-dom\cjs\react
-dom-server.edge.production.js:5603:16)
    at renderNodeDestructive (D:\Projects\ozonbox\node_modules\.pnpm\react-dom@19.2.4_react@19.2.4\node_modules\react-d
om\cjs\react-dom-server.edge.production.js:5397:7)
    at renderNode (D:\Projects\ozonbox\node_modules\.pnpm\react-dom@19.2.4_react@19.2.4\node_modules\react-dom\cjs\reac
t-dom-server.edge.production.js:5964:14)
    at renderChildrenArray (D:\Projects\ozonbox\node_modules\.pnpm\react-dom@19.2.4_react@19.2.4\node_modules\react-dom
\cjs\react-dom-server.edge.production.js:5746:7)
    at retryNode (D:\Projects\ozonbox\node_modules\.pnpm\react-dom@19.2.4_react@19.2.4\node_modules\react-dom\cjs\react
-dom-server.edge.production.js:5617:9)
    at renderNodeDestructive (D:\Projects\ozonbox\node_modules\.pnpm\react-dom@19.2.4_react@19.2.4\node_modules\react-d
om\cjs\react-dom-server.edge.production.js:5397:7)
    at renderNode (D:\Projects\ozonbox\node_modules\.pnpm\react-dom@19.2.4_react@19.2.4\node_modules\react-dom\cjs\reac
t-dom-server.edge.production.js:5964:14)
Error occurred prerendering page "/en/applications/transport/auto-transport". Read more: 
https://nextjs.org/docs/messages/prerender-error
TypeError: Cannot read properties of undefined (reading 'map')
    at l (D:\Projects\ozonbox\.next\server\chunks\9916.js:1:13499)
    at renderWithHooks (D:\Projects\ozonbox\node_modules\.pnpm\react-dom@19.2.4_react@19.2.4\node_modules\react-dom\cjs
\react-dom-server.edge.production.js:4747:18)
    at renderElement (D:\Projects\ozonbox\node_modules\.pnpm\react-dom@19.2.4_react@19.2.4\node_modules\react-dom\cjs\r
eact-dom-server.edge.production.js:4885:14)
    at retryNode (D:\Projects\ozonbox\node_modules\.pnpm\react-dom@19.2.4_react@19.2.4\node_modules\react-dom\cjs\react
-dom-server.edge.production.js:5603:16)
    at renderNodeDestructive (D:\Projects\ozonbox\node_modules\.pnpm\react-dom@19.2.4_react@19.2.4\node_modules\react-d
om\cjs\react-dom-server.edge.production.js:5397:7)
    at renderNode (D:\Projects\ozonbox\node_modules\.pnpm\react-dom@19.2.4_react@19.2.4\node_modules\react-dom\cjs\reac
t-dom-server.edge.production.js:5964:14)
    at renderChildrenArray (D:\Projects\ozonbox\node_modules\.pnpm\react-dom@19.2.4_react@19.2.4\node_modules\react-dom
\cjs\react-dom-server.edge.production.js:5746:7)
    at retryNode (D:\Projects\ozonbox\node_modules\.pnpm\react-dom@19.2.4_react@19.2.4\node_modules\react-dom\cjs\react
-dom-server.edge.production.js:5617:9)
    at renderNodeDestructive (D:\Projects\ozonbox\node_modules\.pnpm\react-dom@19.2.4_react@19.2.4\node_modules\react-d
om\cjs\react-dom-server.edge.production.js:5397:7)
    at renderNode (D:\Projects\ozonbox\node_modules\.pnpm\react-dom@19.2.4_react@19.2.4\node_modules\react-dom\cjs\reac
t-dom-server.edge.production.js:5964:14)
Error occurred prerendering page "/ru/applications/transport/auto-transport". Read more: 
https://nextjs.org/docs/messages/prerender-error
TypeError: Cannot read properties of undefined (reading 'map')
    at l (D:\Projects\ozonbox\.next\server\chunks\9916.js:1:13499)
    at renderWithHooks (D:\Projects\ozonbox\node_modules\.pnpm\react-dom@19.2.4_react@19.2.4\node_modules\react-dom\cjs
\react-dom-server.edge.production.js:4747:18)
    at renderElement (D:\Projects\ozonbox\node_modules\.pnpm\react-dom@19.2.4_react@19.2.4\node_modules\react-dom\cjs\r
eact-dom-server.edge.production.js:4885:14)
    at retryNode (D:\Projects\ozonbox\node_modules\.pnpm\react-dom@19.2.4_react@19.2.4\node_modules\react-dom\cjs\react
-dom-server.edge.production.js:5603:16)
    at renderNodeDestructive (D:\Projects\ozonbox\node_modules\.pnpm\react-dom@19.2.4_react@19.2.4\node_modules\react-d
om\cjs\react-dom-server.edge.production.js:5397:7)
    at renderNode (D:\Projects\ozonbox\node_modules\.pnpm\react-dom@19.2.4_react@19.2.4\node_modules\react-dom\cjs\reac
t-dom-server.edge.production.js:5964:14)
    at renderChildrenArray (D:\Projects\ozonbox\node_modules\.pnpm\react-dom@19.2.4_react@19.2.4\node_modules\react-dom
\cjs\react-dom-server.edge.production.js:5746:7)
    at retryNode (D:\Projects\ozonbox\node_modules\.pnpm\react-dom@19.2.4_react@19.2.4\node_modules\react-dom\cjs\react
-dom-server.edge.production.js:5617:9)
    at renderNodeDestructive (D:\Projects\ozonbox\node_modules\.pnpm\react-dom@19.2.4_react@19.2.4\node_modules\react-d
om\cjs\react-dom-server.edge.production.js:5397:7)
    at renderNode (D:\Projects\ozonbox\node_modules\.pnpm\react-dom@19.2.4_react@19.2.4\node_modules\react-dom\cjs\reac
t-dom-server.edge.production.js:5964:14)
Export encountered an error on /[lang]/applications/transport/auto-transport: 
/uz/applications/transport/auto-transport, exiting the build.
TypeError: Cannot read properties of undefined (reading 'paragraph1')
    at h (D:\Projects\ozonbox\.next\server\pages\[lang]\applications\agriculture\beekeeping.js:1:3871)
TypeError: Cannot read properties of undefined (reading 'paragraph1')
    at h (D:\Projects\ozonbox\.next\server\pages\[lang]\applications\agriculture\beekeeping.js:1:3871)
TypeError: Cannot read properties of undefined (reading 'paragraph1')
    at h (D:\Projects\ozonbox\.next\server\pages\[lang]\applications\agriculture\beekeeping.js:1:3871)
TypeError: Cannot read properties of undefined (reading 'paragraph1')
    at h (D:\Projects\ozonbox\.next\server\pages\[lang]\applications\agriculture\beekeeping.js:1:3871)
TypeError: Cannot read properties of undefined (reading 'length')
    at d (D:\Projects\ozonbox\.next\server\chunks\9916.js:1:13869)
TypeError: Cannot read properties of undefined (reading 'length')
    at d (D:\Projects\ozonbox\.next\server\chunks\9916.js:1:13869)
Error occurred prerendering page "/ru/applications/agriculture/beekeeping". Read more: 
https://nextjs.org/docs/messages/prerender-error
TypeError: Cannot read properties of undefined (reading 'paragraph1')
    at h (D:\Projects\ozonbox\.next\server\pages\[lang]\applications\agriculture\beekeeping.js:1:3871)
    at renderWithHooks (D:\Projects\ozonbox\node_modules\.pnpm\react-dom@19.2.4_react@19.2.4\node_modules\react-dom\cjs
\react-dom-server.edge.production.js:4747:18)
    at renderElement (D:\Projects\ozonbox\node_modules\.pnpm\react-dom@19.2.4_react@19.2.4\node_modules\react-dom\cjs\r
eact-dom-server.edge.production.js:4885:14)
    at retryNode (D:\Projects\ozonbox\node_modules\.pnpm\react-dom@19.2.4_react@19.2.4\node_modules\react-dom\cjs\react
-dom-server.edge.production.js:5603:16)
    at renderNodeDestructive (D:\Projects\ozonbox\node_modules\.pnpm\react-dom@19.2.4_react@19.2.4\node_modules\react-d
om\cjs\react-dom-server.edge.production.js:5397:7)
    at renderNode (D:\Projects\ozonbox\node_modules\.pnpm\react-dom@19.2.4_react@19.2.4\node_modules\react-dom\cjs\reac
t-dom-server.edge.production.js:5964:14)
    at renderChildrenArray (D:\Projects\ozonbox\node_modules\.pnpm\react-dom@19.2.4_react@19.2.4\node_modules\react-dom
\cjs\react-dom-server.edge.production.js:5746:7)
    at retryNode (D:\Projects\ozonbox\node_modules\.pnpm\react-dom@19.2.4_react@19.2.4\node_modules\react-dom\cjs\react
-dom-server.edge.production.js:5617:9)
    at renderNodeDestructive (D:\Projects\ozonbox\node_modules\.pnpm\react-dom@19.2.4_react@19.2.4\node_modules\react-d
om\cjs\react-dom-server.edge.production.js:5397:7)
    at renderElement (D:\Projects\ozonbox\node_modules\.pnpm\react-dom@19.2.4_react@19.2.4\node_modules\react-dom\cjs\r
eact-dom-server.edge.production.js:5330:11)
Error occurred prerendering page "/en/applications/agriculture/beekeeping". Read more: 
https://nextjs.org/docs/messages/prerender-error
TypeError: Cannot read properties of undefined (reading 'paragraph1')
    at h (D:\Projects\ozonbox\.next\server\pages\[lang]\applications\agriculture\beekeeping.js:1:3871)
    at renderWithHooks (D:\Projects\ozonbox\node_modules\.pnpm\react-dom@19.2.4_react@19.2.4\node_modules\react-dom\cjs
\react-dom-server.edge.production.js:4747:18)
    at renderElement (D:\Projects\ozonbox\node_modules\.pnpm\react-dom@19.2.4_react@19.2.4\node_modules\react-dom\cjs\r
eact-dom-server.edge.production.js:4885:14)
    at retryNode (D:\Projects\ozonbox\node_modules\.pnpm\react-dom@19.2.4_react@19.2.4\node_modules\react-dom\cjs\react
-dom-server.edge.production.js:5603:16)
    at renderNodeDestructive (D:\Projects\ozonbox\node_modules\.pnpm\react-dom@19.2.4_react@19.2.4\node_modules\react-d
om\cjs\react-dom-server.edge.production.js:5397:7)
    at renderNode (D:\Projects\ozonbox\node_modules\.pnpm\react-dom@19.2.4_react@19.2.4\node_modules\react-dom\cjs\reac
t-dom-server.edge.production.js:5964:14)
    at renderChildrenArray (D:\Projects\ozonbox\node_modules\.pnpm\react-dom@19.2.4_react@19.2.4\node_modules\react-dom
\cjs\react-dom-server.edge.production.js:5746:7)
    at retryNode (D:\Projects\ozonbox\node_modules\.pnpm\react-dom@19.2.4_react@19.2.4\node_modules\react-dom\cjs\react
-dom-server.edge.production.js:5617:9)
    at renderNodeDestructive (D:\Projects\ozonbox\node_modules\.pnpm\react-dom@19.2.4_react@19.2.4\node_modules\react-d
om\cjs\react-dom-server.edge.production.js:5397:7)
    at renderElement (D:\Projects\ozonbox\node_modules\.pnpm\react-dom@19.2.4_react@19.2.4\node_modules\react-dom\cjs\r
eact-dom-server.edge.production.js:5330:11)
Error occurred prerendering page "/uz/applications/agriculture/beekeeping". Read more: 
https://nextjs.org/docs/messages/prerender-error
TypeError: Cannot read properties of undefined (reading 'paragraph1')
    at h (D:\Projects\ozonbox\.next\server\pages\[lang]\applications\agriculture\beekeeping.js:1:3871)
    at renderWithHooks (D:\Projects\ozonbox\node_modules\.pnpm\react-dom@19.2.4_react@19.2.4\node_modules\react-dom\cjs
\react-dom-server.edge.production.js:4747:18)
    at renderElement (D:\Projects\ozonbox\node_modules\.pnpm\react-dom@19.2.4_react@19.2.4\node_modules\react-dom\cjs\r
eact-dom-server.edge.production.js:4885:14)
    at retryNode (D:\Projects\ozonbox\node_modules\.pnpm\react-dom@19.2.4_react@19.2.4\node_modules\react-dom\cjs\react
-dom-server.edge.production.js:5603:16)
    at renderNodeDestructive (D:\Projects\ozonbox\node_modules\.pnpm\react-dom@19.2.4_react@19.2.4\node_modules\react-d
om\cjs\react-dom-server.edge.production.js:5397:7)
    at renderNode (D:\Projects\ozonbox\node_modules\.pnpm\react-dom@19.2.4_react@19.2.4\node_modules\react-dom\cjs\reac
t-dom-server.edge.production.js:5964:14)
    at renderChildrenArray (D:\Projects\ozonbox\node_modules\.pnpm\react-dom@19.2.4_react@19.2.4\node_modules\react-dom
\cjs\react-dom-server.edge.production.js:5746:7)
    at retryNode (D:\Projects\ozonbox\node_modules\.pnpm\react-dom@19.2.4_react@19.2.4\node_modules\react-dom\cjs\react
-dom-server.edge.production.js:5617:9)
    at renderNodeDestructive (D:\Projects\ozonbox\node_modules\.pnpm\react-dom@19.2.4_react@19.2.4\node_modules\react-d
om\cjs\react-dom-server.edge.production.js:5397:7)
    at renderElement (D:\Projects\ozonbox\node_modules\.pnpm\react-dom@19.2.4_react@19.2.4\node_modules\react-dom\cjs\r
eact-dom-server.edge.production.js:5330:11)
Error occurred prerendering page "/uz-cyr/applications/agriculture/beekeeping". Read more: 
https://nextjs.org/docs/messages/prerender-error
TypeError: Cannot read properties of undefined (reading 'paragraph1')
    at h (D:\Projects\ozonbox\.next\server\pages\[lang]\applications\agriculture\beekeeping.js:1:3871)
    at renderWithHooks (D:\Projects\ozonbox\node_modules\.pnpm\react-dom@19.2.4_react@19.2.4\node_modules\react-dom\cjs
\react-dom-server.edge.production.js:4747:18)
    at renderElement (D:\Projects\ozonbox\node_modules\.pnpm\react-dom@19.2.4_react@19.2.4\node_modules\react-dom\cjs\r
eact-dom-server.edge.production.js:4885:14)
    at retryNode (D:\Projects\ozonbox\node_modules\.pnpm\react-dom@19.2.4_react@19.2.4\node_modules\react-dom\cjs\react
-dom-server.edge.production.js:5603:16)
    at renderNodeDestructive (D:\Projects\ozonbox\node_modules\.pnpm\react-dom@19.2.4_react@19.2.4\node_modules\react-d
om\cjs\react-dom-server.edge.production.js:5397:7)
    at renderNode (D:\Projects\ozonbox\node_modules\.pnpm\react-dom@19.2.4_react@19.2.4\node_modules\react-dom\cjs\reac
t-dom-server.edge.production.js:5964:14)
    at renderChildrenArray (D:\Projects\ozonbox\node_modules\.pnpm\react-dom@19.2.4_react@19.2.4\node_modules\react-dom
\cjs\react-dom-server.edge.production.js:5746:7)
    at retryNode (D:\Projects\ozonbox\node_modules\.pnpm\react-dom@19.2.4_react@19.2.4\node_modules\react-dom\cjs\react
-dom-server.edge.production.js:5617:9)
    at renderNodeDestructive (D:\Projects\ozonbox\node_modules\.pnpm\react-dom@19.2.4_react@19.2.4\node_modules\react-d
om\cjs\react-dom-server.edge.production.js:5397:7)
    at renderElement (D:\Projects\ozonbox\node_modules\.pnpm\react-dom@19.2.4_react@19.2.4\node_modules\react-dom\cjs\r
eact-dom-server.edge.production.js:5330:11)
Error occurred prerendering page "/uz/applications/agriculture/poultry". Read more: 
https://nextjs.org/docs/messages/prerender-error
TypeError: Cannot read properties of undefined (reading 'length')
    at d (D:\Projects\ozonbox\.next\server\chunks\9916.js:1:13869)
    at renderWithHooks (D:\Projects\ozonbox\node_modules\.pnpm\react-dom@19.2.4_react@19.2.4\node_modules\react-dom\cjs
\react-dom-server.edge.production.js:4747:18)
    at renderElement (D:\Projects\ozonbox\node_modules\.pnpm\react-dom@19.2.4_react@19.2.4\node_modules\react-dom\cjs\r
eact-dom-server.edge.production.js:4885:14)
    at retryNode (D:\Projects\ozonbox\node_modules\.pnpm\react-dom@19.2.4_react@19.2.4\node_modules\react-dom\cjs\react
-dom-server.edge.production.js:5603:16)
    at renderNodeDestructive (D:\Projects\ozonbox\node_modules\.pnpm\react-dom@19.2.4_react@19.2.4\node_modules\react-d
om\cjs\react-dom-server.edge.production.js:5397:7)
    at renderNode (D:\Projects\ozonbox\node_modules\.pnpm\react-dom@19.2.4_react@19.2.4\node_modules\react-dom\cjs\reac
t-dom-server.edge.production.js:5964:14)
    at renderChildrenArray (D:\Projects\ozonbox\node_modules\.pnpm\react-dom@19.2.4_react@19.2.4\node_modules\react-dom
\cjs\react-dom-server.edge.production.js:5746:7)
    at retryNode (D:\Projects\ozonbox\node_modules\.pnpm\react-dom@19.2.4_react@19.2.4\node_modules\react-dom\cjs\react
-dom-server.edge.production.js:5617:9)
    at renderNodeDestructive (D:\Projects\ozonbox\node_modules\.pnpm\react-dom@19.2.4_react@19.2.4\node_modules\react-d
om\cjs\react-dom-server.edge.production.js:5397:7)
    at renderNode (D:\Projects\ozonbox\node_modules\.pnpm\react-dom@19.2.4_react@19.2.4\node_modules\react-dom\cjs\reac
t-dom-server.edge.production.js:5964:14)
Error occurred prerendering page "/uz-cyr/applications/agriculture/poultry". Read more: 
https://nextjs.org/docs/messages/prerender-error
TypeError: Cannot read properties of undefined (reading 'length')
    at d (D:\Projects\ozonbox\.next\server\chunks\9916.js:1:13869)
    at renderWithHooks (D:\Projects\ozonbox\node_modules\.pnpm\react-dom@19.2.4_react@19.2.4\node_modules\react-dom\cjs
\react-dom-server.edge.production.js:4747:18)
    at renderElement (D:\Projects\ozonbox\node_modules\.pnpm\react-dom@19.2.4_react@19.2.4\node_modules\react-dom\cjs\r
eact-dom-server.edge.production.js:4885:14)
    at retryNode (D:\Projects\ozonbox\node_modules\.pnpm\react-dom@19.2.4_react@19.2.4\node_modules\react-dom\cjs\react
-dom-server.edge.production.js:5603:16)
    at renderNodeDestructive (D:\Projects\ozonbox\node_modules\.pnpm\react-dom@19.2.4_react@19.2.4\node_modules\react-d
om\cjs\react-dom-server.edge.production.js:5397:7)
    at renderNode (D:\Projects\ozonbox\node_modules\.pnpm\react-dom@19.2.4_react@19.2.4\node_modules\react-dom\cjs\reac
t-dom-server.edge.production.js:5964:14)
    at renderChildrenArray (D:\Projects\ozonbox\node_modules\.pnpm\react-dom@19.2.4_react@19.2.4\node_modules\react-dom
\cjs\react-dom-server.edge.production.js:5746:7)
    at retryNode (D:\Projects\ozonbox\node_modules\.pnpm\react-dom@19.2.4_react@19.2.4\node_modules\react-dom\cjs\react
-dom-server.edge.production.js:5617:9)
    at renderNodeDestructive (D:\Projects\ozonbox\node_modules\.pnpm\react-dom@19.2.4_react@19.2.4\node_modules\react-d
om\cjs\react-dom-server.edge.production.js:5397:7)
    at renderNode (D:\Projects\ozonbox\node_modules\.pnpm\react-dom@19.2.4_react@19.2.4\node_modules\react-dom\cjs\reac
t-dom-server.edge.production.js:5964:14)
Export encountered an error on /[lang]/applications/agriculture/beekeeping: /ru/applications/agriculture/beekeeping, 
exiting the build.
TypeError: Cannot read properties of undefined (reading 'paragraph1')
    at u (D:\Projects\ozonbox\.next\server\pages\applications\agriculture\greenhouses.js:1:4021)
TypeError: Cannot read properties of undefined (reading 'paragraph1')
    at h (D:\Projects\ozonbox\.next\server\pages\applications\agriculture\beekeeping.js:1:3739)
TypeError: Cannot read properties of undefined (reading 'paragraph1')
    at u (D:\Projects\ozonbox\.next\server\pages\applications\agriculture\grain-storage.js:1:2526)
Error occurred prerendering page "/applications/agriculture/greenhouses". Read more: 
https://nextjs.org/docs/messages/prerender-error
TypeError: Cannot read properties of undefined (reading 'paragraph1')
    at u (D:\Projects\ozonbox\.next\server\pages\applications\agriculture\greenhouses.js:1:4021)
    at renderWithHooks (D:\Projects\ozonbox\node_modules\.pnpm\react-dom@19.2.4_react@19.2.4\node_modules\react-dom\cjs
\react-dom-server.edge.production.js:4747:18)
    at renderElement (D:\Projects\ozonbox\node_modules\.pnpm\react-dom@19.2.4_react@19.2.4\node_modules\react-dom\cjs\r
eact-dom-server.edge.production.js:4885:14)
    at retryNode (D:\Projects\ozonbox\node_modules\.pnpm\react-dom@19.2.4_react@19.2.4\node_modules\react-dom\cjs\react
-dom-server.edge.production.js:5603:16)
    at renderNodeDestructive (D:\Projects\ozonbox\node_modules\.pnpm\react-dom@19.2.4_react@19.2.4\node_modules\react-d
om\cjs\react-dom-server.edge.production.js:5397:7)
    at renderNode (D:\Projects\ozonbox\node_modules\.pnpm\react-dom@19.2.4_react@19.2.4\node_modules\react-dom\cjs\reac
t-dom-server.edge.production.js:5964:14)
    at renderChildrenArray (D:\Projects\ozonbox\node_modules\.pnpm\react-dom@19.2.4_react@19.2.4\node_modules\react-dom
\cjs\react-dom-server.edge.production.js:5746:7)
    at retryNode (D:\Projects\ozonbox\node_modules\.pnpm\react-dom@19.2.4_react@19.2.4\node_modules\react-dom\cjs\react
-dom-server.edge.production.js:5617:9)
    at renderNodeDestructive (D:\Projects\ozonbox\node_modules\.pnpm\react-dom@19.2.4_react@19.2.4\node_modules\react-d
om\cjs\react-dom-server.edge.production.js:5397:7)
    at renderElement (D:\Projects\ozonbox\node_modules\.pnpm\react-dom@19.2.4_react@19.2.4\node_modules\react-dom\cjs\r
eact-dom-server.edge.production.js:5330:11)
Error occurred prerendering page "/applications/agriculture/beekeeping". Read more: 
https://nextjs.org/docs/messages/prerender-error
TypeError: Cannot read properties of undefined (reading 'paragraph1')
    at h (D:\Projects\ozonbox\.next\server\pages\applications\agriculture\beekeeping.js:1:3739)
    at renderWithHooks (D:\Projects\ozonbox\node_modules\.pnpm\react-dom@19.2.4_react@19.2.4\node_modules\react-dom\cjs
\react-dom-server.edge.production.js:4747:18)
    at renderElement (D:\Projects\ozonbox\node_modules\.pnpm\react-dom@19.2.4_react@19.2.4\node_modules\react-dom\cjs\r
eact-dom-server.edge.production.js:4885:14)
    at retryNode (D:\Projects\ozonbox\node_modules\.pnpm\react-dom@19.2.4_react@19.2.4\node_modules\react-dom\cjs\react
-dom-server.edge.production.js:5603:16)
    at renderNodeDestructive (D:\Projects\ozonbox\node_modules\.pnpm\react-dom@19.2.4_react@19.2.4\node_modules\react-d
om\cjs\react-dom-server.edge.production.js:5397:7)
    at renderNode (D:\Projects\ozonbox\node_modules\.pnpm\react-dom@19.2.4_react@19.2.4\node_modules\react-dom\cjs\reac
t-dom-server.edge.production.js:5964:14)
    at renderChildrenArray (D:\Projects\ozonbox\node_modules\.pnpm\react-dom@19.2.4_react@19.2.4\node_modules\react-dom
\cjs\react-dom-server.edge.production.js:5746:7)
    at retryNode (D:\Projects\ozonbox\node_modules\.pnpm\react-dom@19.2.4_react@19.2.4\node_modules\react-dom\cjs\react
-dom-server.edge.production.js:5617:9)
    at renderNodeDestructive (D:\Projects\ozonbox\node_modules\.pnpm\react-dom@19.2.4_react@19.2.4\node_modules\react-d
om\cjs\react-dom-server.edge.production.js:5397:7)
    at renderElement (D:\Projects\ozonbox\node_modules\.pnpm\react-dom@19.2.4_react@19.2.4\node_modules\react-dom\cjs\r
eact-dom-server.edge.production.js:5330:11)
Error occurred prerendering page "/applications/agriculture/grain-storage". Read more: 
https://nextjs.org/docs/messages/prerender-error
TypeError: Cannot read properties of undefined (reading 'paragraph1')
    at u (D:\Projects\ozonbox\.next\server\pages\applications\agriculture\grain-storage.js:1:2526)
    at renderWithHooks (D:\Projects\ozonbox\node_modules\.pnpm\react-dom@19.2.4_react@19.2.4\node_modules\react-dom\cjs
\react-dom-server.edge.production.js:4747:18)
    at renderElement (D:\Projects\ozonbox\node_modules\.pnpm\react-dom@19.2.4_react@19.2.4\node_modules\react-dom\cjs\r
eact-dom-server.edge.production.js:4885:14)
    at retryNode (D:\Projects\ozonbox\node_modules\.pnpm\react-dom@19.2.4_react@19.2.4\node_modules\react-dom\cjs\react
-dom-server.edge.production.js:5603:16)
    at renderNodeDestructive (D:\Projects\ozonbox\node_modules\.pnpm\react-dom@19.2.4_react@19.2.4\node_modules\react-d
om\cjs\react-dom-server.edge.production.js:5397:7)
    at renderNode (D:\Projects\ozonbox\node_modules\.pnpm\react-dom@19.2.4_react@19.2.4\node_modules\react-dom\cjs\reac
t-dom-server.edge.production.js:5964:14)
    at renderChildrenArray (D:\Projects\ozonbox\node_modules\.pnpm\react-dom@19.2.4_react@19.2.4\node_modules\react-dom
\cjs\react-dom-server.edge.production.js:5746:7)
    at retryNode (D:\Projects\ozonbox\node_modules\.pnpm\react-dom@19.2.4_react@19.2.4\node_modules\react-dom\cjs\react
-dom-server.edge.production.js:5617:9)
    at renderNodeDestructive (D:\Projects\ozonbox\node_modules\.pnpm\react-dom@19.2.4_react@19.2.4\node_modules\react-d
om\cjs\react-dom-server.edge.production.js:5397:7)
    at renderElement (D:\Projects\ozonbox\node_modules\.pnpm\react-dom@19.2.4_react@19.2.4\node_modules\react-dom\cjs\r
eact-dom-server.edge.production.js:5330:11)
Export encountered an error on /applications/agriculture/greenhouses, exiting the build.
 тип Next.js build worker exited with code: 1 and signal: null
